// Jest Snapshot v1, https://goo.gl/fbAQLP

exports[`globals sanitize_greyContentEdge should fail with unknown value 1`] = `"GREYAction.GREYContentEdge must be a 'left'/'right'/'top'/'bottom', got kittens"`;

exports[`globals sanitize_greyDirection should fail with unknown value 1`] = `"GREYAction.GREYDirection must be a 'left'/'right'/'up'/'down', got kittens"`;
